
%                  X               XYData-1    

                0.                 0.         
              500.008E-03         91.7948E+06 
                1.               183.886E+06  
                1.50001          275.818E+06  
                2.               367.888E+06  
                2.50001          459.981E+06  
                3.00001          552.17E+06   
                3.50001          644.363E+06  
                4.00001          736.649E+06  
                4.5              828.965E+06  
                5.               921.346E+06  
                5.50001            1.01378E+09
                6.00001            1.10626E+09
                6.50001            1.15726E+09
                7.00001            1.16962E+09
                7.50001            1.18156E+09
                8.                 1.18419E+09
                8.5                1.18516E+09
                9.00001            1.18488E+09
                9.50001            1.18404E+09
               10.                 1.18293E+09
               10.5                1.18165E+09
               11.                 1.18029E+09
               11.5                1.17884E+09
               12.                 1.17729E+09
               12.5                1.17573E+09
               13.                 1.17417E+09
               13.5                1.17265E+09
               14.                 1.17121E+09
               14.5                1.16986E+09
               15.                 1.1686E+09 
               15.5                1.16744E+09
               16.                 1.16634E+09
               16.5                1.16531E+09
               17.                 1.16437E+09
               17.5                1.16348E+09
               18.                 1.16265E+09
               18.5                1.16187E+09
               19.                 1.16114E+09
               19.5                1.16046E+09
               20.                 1.15981E+09
               20.5                1.15921E+09
               21.                 1.15864E+09
               21.5                1.1581E+09 
               22.                 1.1576E+09 
               22.5                1.15714E+09
               23.                 1.15673E+09
               23.5                1.15636E+09
               24.                 1.15605E+09
               24.5                1.15577E+09
               25.                 1.15554E+09
               25.5                1.15534E+09
               26.                 1.15518E+09
               26.5                1.15505E+09
               27.                 1.15496E+09
               27.5                1.1549E+09 
               28.                 1.15487E+09
               28.5                1.15487E+09
               29.                 1.1549E+09 
               29.5                1.15496E+09
               30.                 1.15505E+09
               30.5                1.15516E+09
               31.                 1.1553E+09 
               31.5                1.15545E+09
               32.                 1.15563E+09
               32.5                1.15582E+09
               33.                 1.15604E+09
               33.5                1.15628E+09
               34.                 1.15655E+09
               34.5                1.15684E+09
               35.                 1.15715E+09
               35.5                1.15745E+09
               36.                 1.15777E+09
               36.5                1.1581E+09 
               37.                 1.15843E+09
               37.5                1.15877E+09
               38.                 1.15907E+09
               38.5                1.15937E+09
               39.                 1.15966E+09
               39.5                1.1598E+09 
               40.                 1.15973E+09
               40.5                1.15985E+09
               41.                 1.16003E+09
               41.5                1.16023E+09
               42.                 1.16044E+09
               42.5                1.16066E+09
               43.                 1.16086E+09
               43.5                1.16105E+09
               44.                 1.16123E+09
               44.5                1.16135E+09
               45.                 1.16146E+09
               45.5                1.16154E+09
               46.                 1.16157E+09
               46.5                1.1615E+09 
               47.                 1.16141E+09
               47.5                1.16131E+09
               48.                 1.16122E+09
               48.5                1.16112E+09
               49.                 1.161E+09  
               49.5                1.16086E+09
               50.                 1.16068E+09
               50.5                1.16046E+09
               51.                 1.16021E+09
               51.5                1.15991E+09
               52.                 1.15956E+09
               52.5                1.15918E+09
               53.                 1.15878E+09
               53.5                1.15838E+09
               54.                 1.15796E+09
               54.5                1.15748E+09
               55.                 1.15695E+09
               55.5                1.15642E+09
               56.                 1.15586E+09
               56.5                1.1553E+09 
               57.                 1.15464E+09
               57.5                1.15388E+09
               58.                 1.15313E+09
               58.5                1.15237E+09
               59.                 1.15157E+09
               59.5                1.15077E+09
               60.                 1.14994E+09
               60.5                1.14911E+09
               61.                 1.14827E+09
               61.5                1.1473E+09 
               62.                 1.14631E+09
               62.5                1.14535E+09
               63.                 1.14441E+09
               63.5                1.1435E+09 
               64.                 1.14256E+09
               64.5                1.14157E+09
               65.                 1.14055E+09
               65.5                1.13944E+09
               66.                 1.1383E+09 
               66.5                1.13707E+09
               67.                 1.1358E+09 
               67.5                1.13451E+09
               68.                 1.13327E+09
               68.5                1.13208E+09
               69.                 1.13094E+09
               69.5                1.12979E+09
               70.                 1.12863E+09
               70.5                1.1275E+09 
               71.                 1.12639E+09
               71.5                1.1253E+09 
               72.                 1.1242E+09 
               72.5                1.12309E+09
               73.                 1.12197E+09
               73.5                1.12087E+09
               74.                 1.11975E+09
               74.5                1.11863E+09
               75.                 1.11756E+09
               75.5                1.11644E+09
               76.                 1.11535E+09
               76.5                1.11431E+09
               77.                 1.11323E+09
               77.5                1.11211E+09
               78.                 1.11087E+09
               78.5                1.10961E+09
               79.                 1.10836E+09
               79.5                1.10709E+09
               80.                 1.10579E+09
               80.5                1.10444E+09
               81.                 1.10308E+09
               81.5                1.10168E+09
               82.                 1.10031E+09
               82.5                1.09897E+09
               83.                 1.09761E+09
               83.5                1.09618E+09
               84.                 1.09473E+09
               84.5                1.09321E+09
               85.                 1.09168E+09
               85.5                1.09018E+09
               86.                 1.08869E+09
               86.5                1.08718E+09
               87.                 1.08568E+09
               87.5                1.08422E+09
               88.                 1.08276E+09
               88.5                1.08132E+09
               89.                 1.08001E+09
               89.5                1.0787E+09 
               90.                 1.07737E+09
               90.5                1.07606E+09
               91.                 1.07474E+09
               91.5                1.07341E+09
               92.                 1.07209E+09
               92.5                1.07078E+09
               93.                 1.06949E+09
               93.5                1.06823E+09
               94.                 1.06695E+09
               94.5                1.06569E+09
               95.                 1.06442E+09
               95.5                1.06316E+09
               96.                 1.06186E+09
               96.5                1.06058E+09
               97.                 1.05934E+09
               97.5                1.05814E+09
               98.                 1.05697E+09
               98.5                1.05582E+09
               99.                 1.05469E+09
               99.5                1.05355E+09
              100.                 1.05243E+09




