
                  X               XYData-1    

                0.                 0.         
              500.008E-03        100.607E+06  
                1.00001          201.242E+06  
                1.50001          301.967E+06  
                2.               402.627E+06  
                2.50001          503.349E+06  
                3.00001          604.141E+06  
                3.5              704.912E+06  
                4.00001          805.751E+06  
                4.50001          906.598E+06  
                5.00001            1.00748E+09
                5.5                1.10694E+09
                6.00001            1.1985E+09 
                6.5                1.24032E+09
                7.00001            1.24475E+09
                7.50001            1.24093E+09
                8.                 1.24132E+09
                8.5                1.24304E+09
                9.00001            1.24479E+09
                9.5                1.24645E+09
               10.                 1.24819E+09
               10.5                1.25011E+09
               11.                 1.25224E+09
               11.5                1.25444E+09
               12.                 1.25665E+09
               12.5                1.25888E+09
               13.                 1.26108E+09
               13.5                1.26328E+09
               14.                 1.26548E+09
               14.5                1.26765E+09
               15.                 1.26982E+09
               15.5                1.27195E+09
               16.                 1.27407E+09
               16.5                1.27617E+09
               17.                 1.27821E+09
               17.5                1.28024E+09
               18.                 1.28225E+09
               18.5                1.28421E+09
               19.                 1.28615E+09
               19.5                1.28806E+09
               20.                 1.28995E+09
               20.5                1.29184E+09
               21.                 1.29372E+09
               21.5                1.29557E+09
               22.                 1.2974E+09 
               22.5                1.29918E+09
               23.                 1.30093E+09
               23.5                1.30266E+09
               24.                 1.30437E+09
               24.5                1.30609E+09
               25.                 1.30779E+09
               25.5                1.30947E+09
               26.                 1.31114E+09
               26.5                1.31281E+09
               27.                 1.31448E+09
               27.5                1.31617E+09
               28.                 1.31788E+09
               28.5                1.31959E+09
               29.                 1.32131E+09
               29.5                1.32303E+09
               30.                 1.32475E+09
               30.5                1.32647E+09
               31.                 1.32819E+09
               31.5                1.32991E+09
               32.                 1.33165E+09
               32.5                1.3334E+09 
               33.                 1.33516E+09
               33.5                1.33692E+09
               34.                 1.33868E+09
               34.5                1.34043E+09
               35.                 1.34217E+09
               35.5                1.3439E+09 
               36.                 1.34562E+09
               36.5                1.34734E+09
               37.                 1.34905E+09
               37.5                1.35075E+09
               38.                 1.35244E+09
               38.5                1.35412E+09
               39.                 1.35578E+09
               39.5                1.35744E+09
               40.                 1.35908E+09
               40.5                1.36072E+09
               41.                 1.36234E+09
               41.5                1.36395E+09
               42.                 1.36553E+09
               42.5                1.3671E+09 
               43.                 1.36866E+09
               43.5                1.37021E+09
               44.                 1.37177E+09
               44.5                1.37333E+09
               45.                 1.37488E+09
               45.5                1.37642E+09
               46.                 1.37796E+09
               46.5                1.3795E+09 
               47.                 1.38103E+09
               47.5                1.38256E+09
               48.                 1.38407E+09
               48.5                1.38558E+09
               49.                 1.38708E+09
               49.5                1.38857E+09
               50.                 1.39006E+09
               50.5                1.39154E+09
               51.                 1.39302E+09
               51.5                1.39449E+09
               52.                 1.39595E+09
               52.5                1.39741E+09
               53.                 1.39886E+09
               53.5                1.40031E+09
               54.                 1.40174E+09
               54.5                1.40317E+09
               55.                 1.4046E+09 
               55.5                1.40602E+09
               56.                 1.40744E+09
               56.5                1.40885E+09
               57.                 1.41025E+09
               57.5                1.41165E+09
               58.                 1.41304E+09
               58.5                1.41443E+09
               59.                 1.41581E+09
               59.5                1.41718E+09
               60.                 1.41855E+09
               60.5                1.41991E+09
               61.                 1.42127E+09
               61.5                1.42262E+09
               62.                 1.42396E+09
               62.5                1.4253E+09 
               63.                 1.42662E+09
               63.5                1.42794E+09
               64.                 1.42926E+09
               64.5                1.43056E+09
               65.                 1.43186E+09
               65.5                1.43314E+09
               66.                 1.4344E+09 
               66.5                1.43566E+09
               67.                 1.43691E+09
               67.5                1.43815E+09
               68.                 1.43938E+09
               68.5                1.4406E+09 
               69.                 1.44182E+09
               69.5                1.44302E+09
               70.                 1.4442E+09 
               70.5                1.44538E+09
               71.                 1.44653E+09
               71.5                1.44769E+09
               72.                 1.44883E+09
               72.5                1.44996E+09
               73.                 1.45108E+09
               73.5                1.45219E+09
               74.                 1.45328E+09
               74.5                1.45437E+09
               75.                 1.45546E+09
               75.5                1.45653E+09
               76.                 1.45759E+09
               76.5                1.45865E+09
               77.                 1.4597E+09 
               77.5                1.46075E+09
               78.                 1.46178E+09
               78.5                1.46282E+09
               79.                 1.46384E+09
               79.5                1.46486E+09
               80.                 1.46587E+09
               80.5                1.46688E+09
               81.                 1.46788E+09
               81.5                1.46887E+09
               82.                 1.46986E+09
               82.5                1.47085E+09
               83.                 1.47183E+09
               83.5                1.4728E+09 
               84.                 1.47377E+09
               84.5                1.47473E+09
               85.                 1.47568E+09
               85.5                1.47663E+09
               86.                 1.47757E+09
               86.5                1.47851E+09
               87.                 1.47944E+09
               87.5                1.48036E+09
               88.                 1.48127E+09
               88.5                1.48218E+09
               89.                 1.48308E+09
               89.5                1.48398E+09
               90.                 1.48486E+09
               90.5                1.48575E+09
               91.                 1.48663E+09
               91.5                1.48751E+09
               92.                 1.48838E+09
               92.5                1.48924E+09
               93.                 1.49009E+09
               93.5                1.49094E+09
               94.                 1.49178E+09
               94.5                1.49261E+09
               95.                 1.49344E+09
               95.5                1.49426E+09
               96.                 1.49508E+09
               96.5                1.49589E+09
               97.                 1.49669E+09
               97.5                1.49748E+09
               98.                 1.49827E+09
               98.5                1.49904E+09
               99.                 1.49981E+09
               99.5                1.50058E+09
              100.                 1.50133E+09




