
                  X               XYData-1    

                0.                 0.         
              500.01E-03         111.759E+06  
                1.               223.736E+06  
                1.5              335.545E+06  
                2.               447.34E+06   
                2.5              559.133E+06  
                3.00001          670.937E+06  
                3.5              782.736E+06  
                4.00001          894.503E+06  
                4.50001            1.00624E+09
                5.00001            1.11798E+09
                5.5                1.2166E+09 
                6.                 1.25781E+09
                6.50001            1.27237E+09
                7.00001            1.27029E+09
                7.5                1.26363E+09
                8.                 1.25998E+09
                8.50001            1.26086E+09
                9.00001            1.26234E+09
                9.5                1.26364E+09
               10.                 1.26497E+09
               10.5                1.26639E+09
               11.                 1.26788E+09
               11.5                1.26947E+09
               12.                 1.27113E+09
               12.5                1.27282E+09
               13.                 1.27452E+09
               13.5                1.27623E+09
               14.                 1.27798E+09
               14.5                1.27981E+09
               15.                 1.28169E+09
               15.5                1.2836E+09 
               16.                 1.28553E+09
               16.5                1.28746E+09
               17.                 1.28942E+09
               17.5                1.29139E+09
               18.                 1.29337E+09
               18.5                1.29536E+09
               19.                 1.29737E+09
               19.5                1.29941E+09
               20.                 1.30145E+09
               20.5                1.3035E+09 
               21.                 1.30558E+09
               21.5                1.30765E+09
               22.                 1.30971E+09
               22.5                1.31178E+09
               23.                 1.31384E+09
               23.5                1.3159E+09 
               24.                 1.318E+09  
               24.5                1.32012E+09
               25.                 1.32223E+09
               25.5                1.32433E+09
               26.                 1.32643E+09
               26.5                1.32851E+09
               27.                 1.3306E+09 
               27.5                1.33269E+09
               28.                 1.33477E+09
               28.5                1.33683E+09
               29.                 1.33881E+09
               29.5                1.34072E+09
               30.                 1.34242E+09
               30.5                1.3442E+09 
               31.                 1.34612E+09
               31.5                1.34805E+09
               32.                 1.34999E+09
               32.5                1.35191E+09
               33.                 1.35383E+09
               33.5                1.35576E+09
               34.                 1.35769E+09
               34.5                1.35961E+09
               35.                 1.36153E+09
               35.5                1.36344E+09
               36.                 1.36534E+09
               36.5                1.36725E+09
               37.                 1.36915E+09
               37.5                1.37105E+09
               38.                 1.37294E+09
               38.5                1.37482E+09
               39.                 1.3767E+09 
               39.5                1.37858E+09
               40.                 1.38046E+09
               40.5                1.38233E+09
               41.                 1.3842E+09 
               41.5                1.38607E+09
               42.                 1.38794E+09
               42.5                1.38981E+09
               43.                 1.39168E+09
               43.5                1.39356E+09
               44.                 1.39543E+09
               44.5                1.3973E+09 
               45.                 1.39917E+09
               45.5                1.40103E+09
               46.                 1.4029E+09 
               46.5                1.40476E+09
               47.                 1.40662E+09
               47.5                1.40847E+09
               48.                 1.41033E+09
               48.5                1.41217E+09
               49.                 1.41402E+09
               49.5                1.41586E+09
               50.                 1.41771E+09
               50.5                1.41955E+09
               51.                 1.42138E+09
               51.5                1.42321E+09
               52.                 1.42504E+09
               52.5                1.42686E+09
               53.                 1.42868E+09
               53.5                1.43051E+09
               54.                 1.43233E+09
               54.5                1.43415E+09
               55.                 1.43598E+09
               55.5                1.4378E+09 
               56.                 1.43963E+09
               56.5                1.44146E+09
               57.                 1.44328E+09
               57.5                1.44511E+09
               58.                 1.44694E+09
               58.5                1.44876E+09
               59.                 1.45058E+09
               59.5                1.4524E+09 
               60.                 1.45422E+09
               60.5                1.45603E+09
               61.                 1.45784E+09
               61.5                1.45965E+09
               62.                 1.46145E+09
               62.5                1.46325E+09
               63.                 1.46505E+09
               63.5                1.46685E+09
               64.                 1.46864E+09
               64.5                1.47043E+09
               65.                 1.47221E+09
               65.5                1.47399E+09
               66.                 1.47577E+09
               66.5                1.47754E+09
               67.                 1.47931E+09
               67.5                1.48107E+09
               68.                 1.48283E+09
               68.5                1.48458E+09
               69.                 1.48633E+09
               69.5                1.48808E+09
               70.                 1.48982E+09
               70.5                1.49155E+09
               71.                 1.49328E+09
               71.5                1.495E+09  
               72.                 1.49671E+09
               72.5                1.49841E+09
               73.                 1.5001E+09 
               73.5                1.50178E+09
               74.                 1.50345E+09
               74.5                1.5051E+09 
               75.                 1.50673E+09
               75.5                1.50833E+09
               76.                 1.5099E+09 
               76.5                1.51146E+09
               77.                 1.513E+09  
               77.5                1.51449E+09
               78.                 1.51595E+09
               78.5                1.5174E+09 
               79.                 1.51882E+09
               79.5                1.52022E+09
               80.                 1.52162E+09
               80.5                1.523E+09  
               81.                 1.52436E+09
               81.5                1.52568E+09
               82.                 1.52699E+09
               82.5                1.52826E+09
               83.                 1.5295E+09 
               83.5                1.53069E+09
               84.                 1.53186E+09
               84.5                1.53302E+09
               85.                 1.53416E+09
               85.5                1.53527E+09
               86.                 1.53634E+09
               86.5                1.53737E+09
               87.                 1.53835E+09
               87.5                1.53926E+09
               88.                 1.54013E+09
               88.5                1.54098E+09
               89.                 1.54179E+09
               89.5                1.54254E+09
               90.                 1.54322E+09
               90.5                1.54386E+09
               91.                 1.54447E+09
               91.5                1.54505E+09
               92.                 1.54562E+09
               92.5                1.54615E+09
               93.                 1.5466E+09 
               93.5                1.54702E+09
               94.                 1.5474E+09 
               94.5                1.54773E+09
               95.                 1.548E+09  
               95.5                1.54819E+09
               96.                 1.54826E+09
               96.5                1.54829E+09
               97.                 1.54831E+09
               97.5                1.5483E+09 
               98.                 1.54828E+09
               98.5                1.54815E+09
               99.                 1.54792E+09
               99.5                1.54764E+09
              100.                 1.54733E+09




