
                  X                 FCC       

                0.                 0.         
              100.004E-03         18.4214E+06 
              200.012E-03         36.7514E+06 
              300.005E-03         55.2607E+06 
              400.008E-03         73.5147E+06 
              500.008E-03         91.7948E+06 
              600.006E-03        110.305E+06  
              700.E-03           128.672E+06  
              800.005E-03        146.96E+06   
              900.006E-03        165.412E+06  
                1.               183.886E+06  
                1.1              202.26E+06   
                1.20001          220.628E+06  
                1.30001          239.046E+06  
                1.40001          257.455E+06  
                1.50001          275.818E+06  
                1.6              294.196E+06  
                1.70001          312.627E+06  
                1.80001          331.06E+06   
                1.90001          349.47E+06   
                2.               367.888E+06  
                2.10001          386.326E+06  
                2.2              404.744E+06  
                2.3              423.144E+06  
                2.4              441.552E+06  
                2.50001          459.981E+06  
                2.6              478.411E+06  
                2.7              496.84E+06   
                2.8              515.28E+06   
                2.90001          533.73E+06   
                3.00001          552.17E+06   
                3.10001          570.603E+06  
                3.20001          589.037E+06  
                3.30001          607.476E+06  
                3.4              625.917E+06  
                3.50001          644.363E+06  
                3.60001          662.817E+06  
                3.70001          681.277E+06  
                3.80001          699.737E+06  
                3.9              718.193E+06  
                4.00001          736.649E+06  
                4.10001          755.106E+06  
                4.20001          773.565E+06  
                4.3              792.026E+06  
                4.40001          810.494E+06  
                4.5              828.965E+06  
                4.6              847.441E+06  
                4.70001          865.919E+06  
                4.80001          884.395E+06  
                4.90001          902.871E+06  
                5.               921.346E+06  
                5.1              939.826E+06  
                5.20001          958.311E+06  
                5.3              976.798E+06  
                5.40001          995.289E+06  
                5.50001            1.01378E+09
                5.60001            1.03228E+09
                5.7                1.05077E+09
                5.80001            1.06927E+09
                5.90001            1.08776E+09
                6.00001            1.10626E+09
                6.10001            1.12436E+09
                6.2                1.14013E+09
                6.30001            1.15003E+09
                6.4                1.15466E+09
                6.50001            1.15726E+09
                6.60001            1.15978E+09
                6.70001            1.16228E+09
                6.8                1.16474E+09
                6.9                1.16719E+09
                7.00001            1.16962E+09
                7.10001            1.17385E+09
                7.20001            1.17801E+09
                7.30001            1.17985E+09
                7.4                1.18083E+09
                7.50001            1.18156E+09
                7.60001            1.18219E+09
                7.70001            1.18276E+09
                7.80001            1.18329E+09
                7.90001            1.18377E+09
                8.                 1.18419E+09
                8.1                1.18454E+09
                8.2                1.18481E+09
                8.3                1.18499E+09
                8.40001            1.18511E+09
                8.5                1.18516E+09
                8.6                1.18517E+09
                8.7                1.18514E+09
                8.8                1.18508E+09
                8.90001            1.18499E+09
                9.00001            1.18488E+09
                9.10001            1.18474E+09
                9.2                1.18459E+09
                9.3                1.18442E+09
                9.4                1.18424E+09
                9.50001            1.18404E+09
                9.6                1.18384E+09
                9.70001            1.18362E+09
                9.8                1.1834E+09 
                9.9                1.18317E+09
               10.                 1.18293E+09
               10.1                1.18268E+09
               10.2                1.18243E+09
               10.3                1.18217E+09
               10.4                1.18191E+09
               10.5                1.18165E+09
               10.6                1.18138E+09
               10.7                1.18111E+09
               10.8                1.18084E+09
               10.9                1.18057E+09
               11.                 1.18029E+09
               11.1                1.18001E+09
               11.2                1.17972E+09
               11.3                1.17943E+09
               11.4                1.17914E+09
               11.5                1.17884E+09
               11.6                1.17854E+09
               11.7                1.17823E+09
               11.8                1.17792E+09
               11.9                1.17761E+09
               12.                 1.17729E+09
               12.1                1.17698E+09
               12.2                1.17667E+09
               12.3                1.17635E+09
               12.4                1.17604E+09
               12.5                1.17573E+09
               12.6                1.17541E+09
               12.7                1.1751E+09 
               12.8                1.17479E+09
               12.9                1.17448E+09
               13.                 1.17417E+09
               13.1                1.17386E+09
               13.2                1.17356E+09
               13.3                1.17325E+09
               13.4                1.17295E+09
               13.5                1.17265E+09
               13.6                1.17235E+09
               13.7                1.17206E+09
               13.8                1.17177E+09
               13.9                1.17149E+09
               14.                 1.17121E+09
               14.1                1.17093E+09
               14.2                1.17066E+09
               14.3                1.17039E+09
               14.4                1.17012E+09
               14.5                1.16986E+09
               14.6                1.1696E+09 
               14.7                1.16934E+09
               14.8                1.16909E+09
               14.9                1.16885E+09
               15.                 1.1686E+09 
               15.1                1.16836E+09
               15.2                1.16813E+09
               15.3                1.16789E+09
               15.4                1.16766E+09
               15.5                1.16744E+09
               15.6                1.16721E+09
               15.7                1.16699E+09
               15.8                1.16677E+09
               15.9                1.16655E+09
               16.                 1.16634E+09
               16.1                1.16612E+09
               16.2                1.16592E+09
               16.3                1.16571E+09
               16.4                1.16551E+09
               16.5                1.16531E+09
               16.6                1.16512E+09
               16.7                1.16493E+09
               16.8                1.16474E+09
               16.9                1.16455E+09
               17.                 1.16437E+09
               17.1                1.16419E+09
               17.2                1.16401E+09
               17.3                1.16383E+09
               17.4                1.16366E+09
               17.5                1.16348E+09
               17.6                1.16331E+09
               17.7                1.16314E+09
               17.8                1.16297E+09
               17.9                1.16281E+09
               18.                 1.16265E+09
               18.1                1.16249E+09
               18.2                1.16233E+09
               18.3                1.16218E+09
               18.4                1.16202E+09
               18.5                1.16187E+09
               18.6                1.16172E+09
               18.7                1.16157E+09
               18.8                1.16142E+09
               18.9                1.16128E+09
               19.                 1.16114E+09
               19.1                1.161E+09  
               19.2                1.16086E+09
               19.3                1.16072E+09
               19.4                1.16059E+09
               19.5                1.16046E+09
               19.6                1.16033E+09
               19.7                1.1602E+09 
               19.8                1.16007E+09
               19.9                1.15994E+09
               20.                 1.15981E+09




