
%                  X                 BCC       

                0.                 0.         
              100.006E-03         22.1884E+06 
              200.006E-03         44.7935E+06 
              300.005E-03         67.1797E+06 
              400.003E-03         89.4801E+06 
              500.01E-03         111.759E+06  
              600.005E-03        134.313E+06  
              700.009E-03        156.634E+06  
              800.001E-03        178.886E+06  
              900.003E-03        201.342E+06  
                1.               223.736E+06  
                1.1              246.043E+06  
                1.20001          268.427E+06  
                1.30001          290.795E+06  
                1.4              313.171E+06  
                1.5              335.545E+06  
                1.60001          357.858E+06  
                1.70001          380.26E+06   
                1.80001          402.653E+06  
                1.90001          424.953E+06  
                2.               447.34E+06   
                2.10001          469.73E+06   
                2.20001          492.051E+06  
                2.30001          514.436E+06  
                2.4              536.792E+06  
                2.5              559.133E+06  
                2.6              581.527E+06  
                2.70001          603.866E+06  
                2.80001          626.21E+06   
                2.9              648.606E+06  
                3.00001          670.937E+06  
                3.1              693.288E+06  
                3.2              715.674E+06  
                3.3              738.001E+06  
                3.4              760.368E+06  
                3.5              782.736E+06  
                3.60001          805.063E+06  
                3.70001          827.439E+06  
                3.80001          849.795E+06  
                3.9              872.122E+06  
                4.00001          894.503E+06  
                4.10001          916.846E+06  
                4.20001          939.183E+06  
                4.3              961.561E+06  
                4.40001          983.894E+06  
                4.50001            1.00624E+09
                4.60001            1.02861E+09
                4.7                1.05094E+09
                4.80001            1.07329E+09
                4.90001            1.09565E+09
                5.00001            1.11798E+09
                5.1                1.14034E+09
                5.20001            1.16269E+09
                5.30001            1.18447E+09
                5.40001            1.2026E+09 
                5.5                1.2166E+09 
                5.6                1.2281E+09 
                5.7                1.23696E+09
                5.8                1.24453E+09
                5.90001            1.25137E+09
                6.                 1.25781E+09
                6.10001            1.262E+09  
                6.20001            1.26544E+09
                6.30001            1.26852E+09
                6.40001            1.27134E+09
                6.50001            1.27237E+09
                6.60001            1.27272E+09
                6.7                1.27292E+09
                6.8                1.27262E+09
                6.90001            1.27168E+09
                7.00001            1.27029E+09
                7.10001            1.26891E+09
                7.20001            1.26751E+09
                7.30001            1.26615E+09
                7.40001            1.26483E+09
                7.5                1.26363E+09
                7.60001            1.2625E+09 
                7.70001            1.26151E+09
                7.8                1.26067E+09
                7.90001            1.2601E+09 
                8.                 1.25998E+09
                8.1                1.25998E+09
                8.20001            1.26007E+09
                8.3                1.26026E+09
                8.40001            1.26055E+09
                8.50001            1.26086E+09
                8.6                1.26118E+09
                8.70001            1.26148E+09
                8.8                1.26178E+09
                8.9                1.26207E+09
                9.00001            1.26234E+09
                9.1                1.2626E+09 
                9.20001            1.26286E+09
                9.3                1.26312E+09
                9.40001            1.26338E+09
                9.5                1.26364E+09
                9.60001            1.2639E+09 
                9.70001            1.26416E+09
                9.80001            1.26443E+09
                9.90001            1.2647E+09 
               10.                 1.26497E+09
               10.1                1.26525E+09
               10.2                1.26553E+09
               10.3                1.26582E+09
               10.4                1.2661E+09 
               10.5                1.26639E+09
               10.6                1.26668E+09
               10.7                1.26698E+09
               10.8                1.26728E+09
               10.9                1.26757E+09
               11.                 1.26788E+09
               11.1                1.26818E+09
               11.2                1.26849E+09
               11.3                1.26882E+09
               11.4                1.26914E+09
               11.5                1.26947E+09
               11.6                1.2698E+09 
               11.7                1.27014E+09
               11.8                1.27047E+09
               11.9                1.2708E+09 
               12.                 1.27113E+09
               12.1                1.27146E+09
               12.2                1.2718E+09 
               12.3                1.27214E+09
               12.4                1.27248E+09
               12.5                1.27282E+09
               12.6                1.27316E+09
               12.7                1.2735E+09 
               12.8                1.27384E+09
               12.9                1.27418E+09
               13.                 1.27452E+09
               13.1                1.27486E+09
               13.2                1.2752E+09 
               13.3                1.27555E+09
               13.4                1.27589E+09
               13.5                1.27623E+09
               13.6                1.27658E+09
               13.7                1.27693E+09
               13.8                1.27728E+09
               13.9                1.27763E+09
               14.                 1.27798E+09
               14.1                1.27834E+09
               14.2                1.27871E+09
               14.3                1.27907E+09
               14.4                1.27944E+09
               14.5                1.27981E+09
               14.6                1.28019E+09
               14.7                1.28056E+09
               14.8                1.28093E+09
               14.9                1.28131E+09
               15.                 1.28169E+09
               15.1                1.28206E+09
               15.2                1.28244E+09
               15.3                1.28283E+09
               15.4                1.28321E+09
               15.5                1.2836E+09 
               15.6                1.28399E+09
               15.7                1.28437E+09
               15.8                1.28476E+09
               15.9                1.28515E+09
               16.                 1.28553E+09
               16.1                1.28592E+09
               16.2                1.28631E+09
               16.3                1.28669E+09
               16.4                1.28708E+09
               16.5                1.28746E+09
               16.6                1.28785E+09
               16.7                1.28824E+09
               16.8                1.28863E+09
               16.9                1.28903E+09
               17.                 1.28942E+09
               17.1                1.28981E+09
               17.2                1.29021E+09
               17.3                1.2906E+09 
               17.4                1.291E+09  
               17.5                1.29139E+09
               17.6                1.29179E+09
               17.7                1.29218E+09
               17.8                1.29258E+09
               17.9                1.29297E+09
               18.                 1.29337E+09
               18.1                1.29377E+09
               18.2                1.29417E+09
               18.3                1.29456E+09
               18.4                1.29496E+09
               18.5                1.29536E+09
               18.6                1.29576E+09
               18.7                1.29616E+09
               18.8                1.29656E+09
               18.9                1.29697E+09
               19.                 1.29737E+09
               19.1                1.29778E+09
               19.2                1.29819E+09
               19.3                1.2986E+09 
               19.4                1.299E+09  
               19.5                1.29941E+09
               19.6                1.29982E+09
               19.7                1.30023E+09
               19.8                1.30064E+09
               19.9                1.30104E+09
               20.                 1.30145E+09




